This is pdfTeX, Version 3.1415926-2.5-1.40.14 (TeX Live 2013/Debian)
 restricted \write18 enabled.
entering extended mode
(./main.tex
LaTeX2e <2011/06/27>
Babel <3.9h> and hyphenation patterns for 2 languages loaded.
(/usr/share/texlive/texmf-dist/tex/latex/base/article.cls
Document Class: article 2007/10/19 v1.4h Standard LaTeX document class
(/usr/share/texlive/texmf-dist/tex/latex/base/size11.clo))
(/usr/share/texlive/texmf-dist/tex/latex/base/inputenc.sty
(/usr/share/texlive/texmf-dist/tex/latex/base/utf8.def
(/usr/share/texlive/texmf-dist/tex/latex/base/t1enc.dfu)
(/usr/share/texlive/texmf-dist/tex/latex/base/ot1enc.dfu)
(/usr/share/texlive/texmf-dist/tex/latex/base/omsenc.dfu)))
(/usr/share/texlive/texmf-dist/tex/latex/amsmath/amsmath.sty
For additional information on amsmath, use the `?' option.
(/usr/share/texlive/texmf-dist/tex/latex/amsmath/amstext.sty
(/usr/share/texlive/texmf-dist/tex/latex/amsmath/amsgen.sty))
(/usr/share/texlive/texmf-dist/tex/latex/amsmath/amsbsy.sty)
(/usr/share/texlive/texmf-dist/tex/latex/amsmath/amsopn.sty))
(/usr/share/texlive/texmf-dist/tex/latex/psnfss/mathpazo.sty)
(/usr/share/texlive/texmf-dist/tex/latex/base/fontenc.sty
(/usr/share/texlive/texmf-dist/tex/latex/base/t1enc.def))
(/usr/share/texlive/texmf-dist/tex/generic/ulem/ulem.sty)
(/usr/share/texlive/texmf-dist/tex/latex/amsfonts/amssymb.sty
(/usr/share/texlive/texmf-dist/tex/latex/amsfonts/amsfonts.sty))
(/usr/share/texlive/texmf-dist/tex/latex/tools/verbatim.sty)
(/usr/share/texlive/texmf-dist/tex/latex/was/gensymb.sty)
(/usr/share/texlive/texmf-dist/tex/latex/graphics/graphicx.sty
(/usr/share/texlive/texmf-dist/tex/latex/graphics/keyval.sty)
(/usr/share/texlive/texmf-dist/tex/latex/graphics/graphics.sty
(/usr/share/texlive/texmf-dist/tex/latex/graphics/trig.sty)
(/usr/share/texlive/texmf-dist/tex/latex/latexconfig/graphics.cfg)
(/usr/share/texlive/texmf-dist/tex/latex/pdftex-def/pdftex.def
(/usr/share/texlive/texmf-dist/tex/generic/oberdiek/infwarerr.sty)
(/usr/share/texlive/texmf-dist/tex/generic/oberdiek/ltxcmds.sty))))
(/usr/share/texlive/texmf-dist/tex/latex/psnfss/courier.sty)
(/usr/share/texlive/texmf-dist/tex/latex/cite/cite.sty)
(/usr/share/texlive/texmf-dist/tex/latex/url/url.sty)
(/usr/share/texmf/tex/latex/xcolor/xcolor.sty
(/usr/share/texlive/texmf-dist/tex/latex/latexconfig/color.cfg))
(/usr/share/texlive/texmf-dist/tex/latex/geometry/geometry.sty
(/usr/share/texlive/texmf-dist/tex/generic/oberdiek/ifpdf.sty)
(/usr/share/texlive/texmf-dist/tex/generic/oberdiek/ifvtex.sty)
(/usr/share/texlive/texmf-dist/tex/generic/ifxetex/ifxetex.sty))

Package geometry Warning: Over-specification in `h'-direction.
    `width' (597.50787pt) is ignored.


Package geometry Warning: Over-specification in `v'-direction.
    `height' (845.04684pt) is ignored.

(/usr/share/texlive/texmf-dist/tex/latex/tools/multicol.sty)
(/usr/share/texlive/texmf-dist/tex/latex/caption/caption.sty
(/usr/share/texlive/texmf-dist/tex/latex/caption/caption3.sty))
(/usr/share/texlive/texmf-dist/tex/latex/booktabs/booktabs.sty)
(/usr/share/texlive/texmf-dist/tex/latex/float/float.sty)
(/usr/share/texlive/texmf-dist/tex/latex/paralist/paralist.sty)
(/usr/share/texlive/texmf-dist/tex/latex/abstract/abstract.sty)
(/usr/share/texlive/texmf-dist/tex/latex/titlesec/titlesec.sty)
(/usr/share/texlive/texmf-dist/tex/latex/titlesec/block.tss) (./main.aux)
(/usr/share/texlive/texmf-dist/tex/latex/psnfss/t1pplx.fd)

Package gensymb Warning: Not defining \perthousand.


Package gensymb Warning: Not defining \micro.

(/usr/share/texlive/texmf-dist/tex/context/base/supp-pdf.mkii
[Loading MPS to PDF converter (version 2006.09.02).]
) (/usr/share/texlive/texmf-dist/tex/generic/oberdiek/pdftexcmds.sty
(/usr/share/texlive/texmf-dist/tex/generic/oberdiek/ifluatex.sty))
(/usr/share/texlive/texmf-dist/tex/latex/oberdiek/epstopdf-base.sty
(/usr/share/texlive/texmf-dist/tex/latex/oberdiek/grfext.sty
(/usr/share/texlive/texmf-dist/tex/generic/oberdiek/kvdefinekeys.sty))
(/usr/share/texlive/texmf-dist/tex/latex/oberdiek/kvoptions.sty
(/usr/share/texlive/texmf-dist/tex/generic/oberdiek/kvsetkeys.sty
(/usr/share/texlive/texmf-dist/tex/generic/oberdiek/etexcmds.sty)))
(/usr/share/texlive/texmf-dist/tex/latex/latexconfig/epstopdf-sys.cfg))
*geometry* driver: auto-detecting
*geometry* detected driver: pdftex
(/usr/share/texlive/texmf-dist/tex/latex/psnfss/ot1pplx.fd)
(/usr/share/texlive/texmf-dist/tex/latex/psnfss/omlzplm.fd)
(/usr/share/texlive/texmf-dist/tex/latex/psnfss/omszplm.fd)
(/usr/share/texlive/texmf-dist/tex/latex/psnfss/omxzplm.fd)
(/usr/share/texlive/texmf-dist/tex/latex/psnfss/ot1zplm.fd)
<images/UoL_CoA.pdf, id=1, 218.3461pt x 221.35777pt> <use images/UoL_CoA.pdf>
[1{/var/lib/texmf/fonts/map/pdftex/updmap/pdftex.map} <./images/UoL_CoA.pdf>]
(./introduction.tex [1]
<images/current_cross_sec_knowledge.pdf, id=23, 316.79285pt x 222.70776pt>
<use images/current_cross_sec_knowledge.pdf> [2 <./images/current_cross_sec_kno
wledge.pdf>]
Underfull \hbox (badness 10000) in paragraph at lines 49--50

[3]) (./lartpc_sbnd.tex
<images/uboone_ev.png, id=52, 4078.9188pt x 2447.0622pt>
<use images/uboone_ev.png>

LaTeX Warning: `!h' float specifier changed to `!ht'.

[4]

LaTeX Font Warning: Font shape `OMS/pplx/m/n' undefined
(Font)              using `OMS/cmsy/m/n' instead
(Font)              for symbol `textbullet' on input line 38.

<images/LArTPC.pdf, id=58, 762.85pt x 475.7775pt> <use images/LArTPC.pdf>

LaTeX Warning: `!h' float specifier changed to `!ht'.

[5 <./images/uboone_ev.png>]
<images/SBN_fluxes.pdf, id=62, 490.7613pt x 131.00456pt>
<use images/SBN_fluxes.pdf> (./images/sbnd_stats_table.tex)

LaTeX Warning: `!h' float specifier changed to `!ht'.

[6 <./images/LArTPC.pdf> <./images/SBN_fluxes.pdf

pdfTeX warning: pdflatex (file ./images/SBN_fluxes.pdf): PDF inclusion: multipl
e pdfs with page group included in a single page
>] <images/SBND_TPC.pdf, id=165, 838.13126pt x 512.91624pt>
<use images/SBND_TPC.pdf> [7 <./images/SBND_TPC.pdf>] [8])
(./interaction_phenom.tex
<images/feynmans.pdf, id=180, 350.07588pt x 123.14809pt>
<use images/feynmans.pdf> [9 <./images/feynmans.pdf>] [10]) (./cc0pi_xsec.tex
[11]) (./global_fit.tex [12]) (./prospects_sensitivity.tex [13])
(./discussion.tex [14]) (./main.bbl
(/usr/share/texlive/texmf-dist/tex/latex/psnfss/t1pcr.fd)
Underfull \hbox (badness 1199) in paragraph at lines 54--60
\T1/pcr/m/n/10.95 gov / pub / today / archive / archive _ 2015 / today15-[]11-[
]02 . html$\T1/pplx/m/n/10.95 , 02-11-2015.
) [15] (./main.aux)

LaTeX Font Warning: Some font shapes were not available, defaults substituted.

 )
(see the transcript file for additional information){/usr/share/texlive/texmf-d
ist/fonts/enc/dvips/base/8r.enc}</usr/share/texlive/texmf-dist/fonts/type1/publ
ic/amsfonts/cm/cmex10.pfb></usr/share/texlive/texmf-dist/fonts/type1/public/ams
fonts/cm/cmr10.pfb></usr/share/texlive/texmf-dist/fonts/type1/public/amsfonts/c
m/cmsy10.pfb></usr/share/texlive/texmf-dist/fonts/type1/public/mathpazo/fplmr.p
fb></usr/share/texlive/texmf-dist/fonts/type1/public/mathpazo/fplmri.pfb></usr/
share/texlive/texmf-dist/fonts/type1/urw/courier/ucrr8a.pfb></usr/share/texlive
/texmf-dist/fonts/type1/urw/palatino/uplb8a.pfb></usr/share/texlive/texmf-dist/
fonts/type1/urw/palatino/uplr8a.pfb></usr/share/texlive/texmf-dist/fonts/type1/
urw/palatino/uplri8a.pfb>
Output written on main.pdf (16 pages, 4490323 bytes).
Transcript written on main.log.
